[BOOT][ OK ] Hardware detection (CPUID)
[BOOT][ OK ] Driver core
[BOOT][ OK ] Memory validation system
[INFO] [MEM] Moving PMM/heap above initrd: initrd 0x0038b000-0x01909800, new PMM base 0x0190a000
[INFO] [MEM] Reserved Multiboot2 info region: 0x001e2000 - 0x001e3000
[INFO] [MEM] Checking multiboot magic: 0x36d76289 (expected MB1: 0x2BADB002)
[INFO] [MEM] Reserving initrd in memory.c: 0x0038b000 - 0x01909800
[BOOT][ OK ] Memory subsystem
[INFO] [KERNEL] Reserving initrd in old PMM: 0x0038b000 - 0x01909800
[INFO] Initializing graphics subsystem...
[INFO] Registering graphics drivers for framebuffer TTY...
[INFO] Registering Bochs BGA driver
[INFO] Registering display driver: bochs_bga
[INFO] Successfully registered Bochs BGA driver
[INFO] Registering VESA driver
[INFO] Registering display driver: vesa
[INFO] Successfully registered VESA driver
[INFO] Starting graphics hardware detection...
[INFO] Found graphics device: 1234:1111 at 00:02.0
[INFO] Enabled graphics device Bochs BGA
[INFO] Detected 1 PCI graphics devices
[INFO] Graphics hardware detection complete. Found 1 devices
[INFO] Looking for driver for device Bochs BGA (recommended: bochs_bga)
[INFO] Found recommended driver: bochs_bga
[INFO] Loaded driver bochs_bga for device Bochs BGA
[INFO] Initializing Bochs BGA driver for device Bochs BGA
[INFO] BGA: Detected version 0xb0c5
[INFO] BGA: Successfully mapped and validated framebuffer 0xfd000000-0xfe000000 (size: 16 MB)
[INFO] BGA: Driver initialized successfully
[WARN] Failed to set default text mode
[INFO] Graphics subsystem initialized successfully
[BOOT][ OK ] Graphics subsystem
[INFO] BGA: Setting mode 800x600x32
[INFO] TTY: framebuffer console with enhanced ANSI support enabled
[INFO] Initializing font renderer...
[INFO] Created built-in 8x8 font
[INFO] Font renderer initialized successfully
Forest OS kernel v1.0 boot sequence started
Initializing subsystems...
[BOOT][ OK ] Framebuffer TTY with truecolor support
[BOOT][ OK ] Memory region manager
[BOOT][ OK ] Page fault recovery system
[INFO] [KERNEL] Reserving initrd memory: 0x0038b000 - 0x0190a000 (22012 KB)
[BOOT][ OK ] Bitmap physical memory manager
[BOOT][ OK ] Bitmap PMM tests
[BOOT][ OK ] TLB management
[BOOT][ OK ] SMEP/SMAP hardware protection
[BOOT][ OK ] Stack overflow protection
[BOOT][ OK ] Stack smashing protection
[SSP-TEST] Starting safe tests
[SSP-TEST] buffer
[SSP-TEST] canary mgmt
[SSP-TEST] stats
[SSP-TEST] controlled corruption
[BOOT][ OK ] SSP functionality tests
[BOOT][ OK ] Secure virtual memory manager
[BOOT][ OK ] Memory corruption detection
[BOOT][ OK ] Memory corruption tests
[BOOT][ OK ] Enhanced heap allocator
[BOOT][ OK ] Enhanced heap tests
[BOOT][FAIL] ACPI discovery
[BOOT][FAIL] ACPI power management
[BOOT][ OK ] PCI/PCIe configuration
[BOOT][ OK ] Network core
[INFO] [RAMDISK] Initrd base=0x0038b000 end=0x01909800 size=22538240 bytes (5503 pages)
[INFO] [RAMDISK] vmm_identity_map_range result: 0
[INFO] [RAMDISK] Starting tar parse at 0x1a5a000, size 22538240
[INFO] [RAMDISK] [0] cursor=0x01a5a000 name='' size=0 dir=1
[WARN] [RAMDISK]   RAW hdr[0-7]: 2e 2f 00 00 00 00 00 00
[INFO] [RAMDISK] [1] cursor=0x01a5a200 name='boot' size=0 dir=1
[INFO] [RAMDISK] [2] cursor=0x01a5a400 name='boot/grub' size=0 dir=1
[INFO] [RAMDISK] [3] cursor=0x01a5a600 name='boot/initrd' size=0 dir=1
[INFO] [RAMDISK] [4] cursor=0x01a5a800 name='lib64' size=0 dir=1
[INFO] [RAMDISK] [5] cursor=0x01a5aa00 name='home' size=0 dir=1
[INFO] [RAMDISK] [6] cursor=0x01a5ac00 name='etc' size=0 dir=1
[INFO] [RAMDISK] [7] cursor=0x01a5ae00 name='etc/shadow' size=86 dir=0
[INFO] [RAMDISK] [8] cursor=0x01a5b200 name='bin' size=0 dir=1
[INFO] [RAMDISK] [9] cursor=0x01a5b400 name='bin/ed.elf' size=79296 dir=0
[INFO] [RAMDISK] [10] cursor=0x01a6ec00 name='bin/curl.elf' size=64048 dir=0
[INFO] [RAMDISK] [11] cursor=0x01a7ea00 name='bin/killall.elf' size=68876 dir=0
[INFO] [RAMDISK] [12] cursor=0x01a8fa00 name='bin/ftp.elf' size=64168 dir=0
[INFO] [RAMDISK] [13] cursor=0x01a9f800 name='bin/diff.elf' size=79300 dir=0
[INFO] [RAMDISK] [14] cursor=0x01ab3000 name='bin/clang.elf' size=79300 dir=0
[INFO] [RAMDISK] [15] cursor=0x01ac6800 name='bin/service.elf' size=79304 dir=0
[INFO] [RAMDISK] [16] cursor=0x01ada000 name='bin/chmod.elf' size=68924 dir=0
[INFO] [RAMDISK] [17] cursor=0x01aeb000 name='bin/fdisk.elf' size=79300 dir=0
[INFO] [RAMDISK] [18] cursor=0x01afe800 name='bin/at.elf' size=79296 dir=0
[INFO] [RAMDISK] [19] cursor=0x01b12000 name='bin/ls.elf' size=68692 dir=0
[INFO] [RAMDISK] [20] cursor=0x01b23000 name='bin/htop.elf' size=79300 dir=0
[INFO] [RAMDISK] [21] cursor=0x01b36800 name='bin/hostname.elf' size=64148 dir=0
[INFO] [RAMDISK] [22] cursor=0x01b46600 name='bin/man.elf' size=79296 dir=0
[INFO] [RAMDISK] [23] cursor=0x01b59e00 name='bin/xz.elf' size=69088 dir=0
[INFO] [RAMDISK] [24] cursor=0x01b6ae00 name='bin/pkg_config.elf' size=79312 dir=0
[INFO] [RAMDISK] Resizing: 32 -> 64 at entry 32
[INFO] [RAMDISK] Resizing: 64 -> 128 at entry 64
[INFO] [RAMDISK] [85] cursor=0x01fb6000 name='bin/syslog.elf' size=79304 dir=0
[INFO] [RAMDISK] [86] cursor=0x01fc9800 name='bin/gpg.elf' size=79296 dir=0
[INFO] [RAMDISK] [87] cursor=0x01fdd000 name='bin/ss.elf' size=64368 dir=0
[INFO] [RAMDISK] [88] cursor=0x01fece00 name='bin/env.elf' size=63980 dir=0
[INFO] [RAMDISK] [89] cursor=0x01ffca00 name='bin/file.elf' size=79300 dir=0
[INFO] [RAMDISK] [90] cursor=0x02010200 name='bin/printenv.elf' size=63996 dir=0
[INFO] [RAMDISK] [91] cursor=0x0201fe00 name='bin/shell.elf' size=71104 dir=0
[INFO] [RAMDISK] [92] cursor=0x02031600 name='bin/ld.elf' size=79296 dir=0
[INFO] [RAMDISK] [93] cursor=0x02044e00 name='bin/grep.elf' size=69612 dir=0
[INFO] [RAMDISK] [94] cursor=0x02056000 name='bin/find.elf' size=68880 dir=0
[INFO] [RAMDISK] [95] cursor=0x02067000 name='bin/date.elf' size=63948 dir=0
[INFO] [RAMDISK] Resizing: 128 -> 256 at entry 128
[INFO] [RAMDISK] Resizing: 256 -> 512 at entry 256
[INFO] [RAMDISK] Reached tar terminator after 294 entries at cursor=0x02fd7000
[INFO] [RAMDISK] Parsed 294 tar entries
[BOOT][ OK ] Initrd presence + parsing
[INFO] [VFS] Mounted initrd as root (312 entries)
[INFO] [VFS] Sample files in initrd:
[INFO]   [0] '' [DIR] size=0
[INFO]   [1] 'boot' [DIR] size=0
[INFO]   [2] 'boot/grub' [DIR] size=0
[INFO]   [3] 'boot/initrd' [DIR] size=0
[INFO]   [4] 'lib64' [DIR] size=0
[INFO]   [85] 'bin/syslog.elf' [FILE] size=79304
[INFO]   [86] 'bin/gpg.elf' [FILE] size=79296
[INFO]   [87] 'bin/ss.elf' [FILE] size=64368
[INFO]   [88] 'bin/env.elf' [FILE] size=63980
[INFO]   [89] 'bin/file.elf' [FILE] size=79300
[INFO]   [90] 'bin/printenv.elf' [FILE] size=63996
[INFO]   [91] 'bin/shell.elf' [FILE] size=71104
[INFO]   [92] 'bin/ld.elf' [FILE] size=79296
[INFO]   [93] 'bin/grep.elf' [FILE] size=69612
[INFO]   [94] 'bin/find.elf' [FILE] size=68880
[INFO]   [95] 'bin/date.elf' [FILE] size=63948
[INFO]   [309] 'var/log' [DIR] size=0
[INFO]   [310] 'var/spool' [DIR] size=0
[INFO]   [311] 'var/lib' [DIR] size=0
[BOOT][ OK ] Virtual filesystem mount
[BOOT][ OK ] PS/2 controller reset + self-test
[BOOT][ OK ] PS/2 keyboard driver
[BOOT][ OK ] PS/2 mouse driver
[BOOT][ OK ] Timer and task scheduling
[BOOT][FAIL] Sound subsystem
[BOOT][ OK ] Lock debugging
[BOOT][ OK ] Login/session manager
[INFO] [VFS] Looking up: 'etc/shadow' (original: '/etc/shadow')
[INFO] [VFS] Found: 'etc/shadow' size=86
